
============================================================
2025-12-29 03:05:19
Traceback (most recent call last):
  File "c:\Users\vilia\Documents\GitHub\nappulapeli\main.py", line 3147, in run
    game.run()
  File "c:\Users\vilia\Documents\GitHub\nappulapeli\main.py", line 2989, in run
    intro(self)
  File "c:\Users\vilia\Documents\GitHub\nappulapeli\gameTicks\intro.py", line 13, in intro
    surf = self.VIDEOPLAYER.update(self.deltaTime, self.originalRes)
           ^^^^^^^^^^^^^^^^^^^^^^^^^^^^^^^^^^^^^^^^^^^^^^^^^^^^^^^^^
  File "c:\Users\vilia\Documents\GitHub\nappulapeli\utilities\videoStream.py", line 36, in update
    frame = cv2.resize(
            ^^^^^^^^^^^
cv2.error: OpenCV(4.12.0) :-1: error: (-5:Bad argument) in function 'resize'
> Overload resolution failed:
>  - Can't parse 'dsize'. Sequence item with index 0 has a wrong type
>  - Can't parse 'dsize'. Sequence item with index 0 has a wrong type


============================================================
2025-12-29 03:05:47
Traceback (most recent call last):
  File "c:\Users\vilia\Documents\GitHub\nappulapeli\main.py", line 3147, in run
    game.run()
  File "c:\Users\vilia\Documents\GitHub\nappulapeli\main.py", line 2989, in run
    intro(self)
  File "c:\Users\vilia\Documents\GitHub\nappulapeli\gameTicks\intro.py", line 13, in intro
    surf = self.VIDEOPLAYER.update(self.deltaTime, self.originalRes)
           ^^^^^^^^^^^^^^^^^^^^^^^^^^^^^^^^^^^^^^^^^^^^^^^^^^^^^^^^^
  File "c:\Users\vilia\Documents\GitHub\nappulapeli\utilities\videoStream.py", line 37, in update
    frame = cv2.resize(
            ^^^^^^^^^^^
cv2.error: OpenCV(4.12.0) :-1: error: (-5:Bad argument) in function 'resize'
> Overload resolution failed:
>  - Can't parse 'dsize'. Sequence item with index 0 has a wrong type
>  - Can't parse 'dsize'. Sequence item with index 0 has a wrong type


============================================================
2025-12-30 14:13:00
Traceback (most recent call last):
  File "c:\Users\Reset\Documents\GitHub\nappulapeli\main.py", line 3162, in run
    game.run()
  File "c:\Users\Reset\Documents\GitHub\nappulapeli\main.py", line 2975, in run
    if self.GAMESTATE != "pawnGeneration" or self.pregametick == "judgement":
       ^^^^^^^^^^^^^^
AttributeError: 'Game' object has no attribute 'GAMESTATE'

============================================================
2025-12-30 14:13:18
Traceback (most recent call last):
  File "c:\Users\Reset\Documents\GitHub\nappulapeli\main.py", line 3162, in run
    game.run()
  File "c:\Users\Reset\Documents\GitHub\nappulapeli\main.py", line 2975, in run
    if self.GAMESTATE != "pawnGeneration" or self.pregametick == "judgement":
       ^^^^^^^^^^^^^^
AttributeError: 'Game' object has no attribute 'GAMESTATE'

============================================================
2025-12-30 14:14:07
Traceback (most recent call last):
  File "c:\Users\Reset\Documents\GitHub\nappulapeli\main.py", line 3162, in run
    game.run()
  File "c:\Users\Reset\Documents\GitHub\nappulapeli\main.py", line 2983, in run
    settingsTick(self)
  File "c:\Users\Reset\Documents\GitHub\nappulapeli\gameTicks\settingsTick.py", line 89, in settingsTick
    x = 900 + pawn.team * 100
              ~~~~~~~~~~^~~~~
TypeError: unsupported operand type(s) for *: 'NoneType' and 'int'

============================================================
2025-12-30 14:16:33
Traceback (most recent call last):
  File "c:\Users\Reset\Documents\GitHub\nappulapeli\main.py", line 3163, in run
    game.run()
  File "c:\Users\Reset\Documents\GitHub\nappulapeli\main.py", line 2984, in run
    settingsTick(self)
  File "c:\Users\Reset\Documents\GitHub\nappulapeli\gameTicks\settingsTick.py", line 192, in settingsTick
    self.genPawns()
  File "c:\Users\Reset\Documents\GitHub\nappulapeli\main.py", line 2764, in genPawns
    name, image, client, team = random.choice(self.playerFilesToGen)
    ^^^^^^^^^^^^^^^^^^^^^^^^^
ValueError: not enough values to unpack (expected 4, got 3)

============================================================
2025-12-30 14:17:53
Traceback (most recent call last):
  File "c:\Users\Reset\Documents\GitHub\nappulapeli\main.py", line 3163, in run
    game.run()
  File "c:\Users\Reset\Documents\GitHub\nappulapeli\main.py", line 2984, in run
    settingsTick(self)
  File "c:\Users\Reset\Documents\GitHub\nappulapeli\gameTicks\settingsTick.py", line 89, in settingsTick
    x = 900 + pawn.team.i * 100
              ^^^^^^^^^^^
AttributeError: 'NoneType' object has no attribute 'i'

============================================================
2025-12-30 15:43:58
Traceback (most recent call last):
  File "c:\Users\Reset\Documents\GitHub\nappulapeli\main.py", line 3164, in run
    game.run()
  File "c:\Users\Reset\Documents\GitHub\nappulapeli\main.py", line 2985, in run
    settingsTick(self)
  File "c:\Users\Reset\Documents\GitHub\nappulapeli\gameTicks\settingsTick.py", line 89, in settingsTick
    x = 900 + pawn.team.i * 100
              ^^^^^^^^^^^
AttributeError: 'NoneType' object has no attribute 'i'

============================================================
2025-12-30 18:47:04
Traceback (most recent call last):
  File "c:\Users\Reset\Documents\GitHub\nappulapeli\main.py", line 3186, in run
    game.run()
  File "c:\Users\Reset\Documents\GitHub\nappulapeli\main.py", line 3007, in run
    settingsTick(self)
  File "c:\Users\Reset\Documents\GitHub\nappulapeli\gameTicks\settingsTick.py", line 44, in settingsTick
    x.tick()
  File "c:\Users\Reset\Documents\GitHub\nappulapeli\renderObjects\pawn\pawn.py", line 1701, in tick
    self.think()
  File "c:\Users\Reset\Documents\GitHub\nappulapeli\renderObjects\pawn\behaviour.py", line 39, in think
    self.pickWalkingTarget()
  File "c:\Users\Reset\Documents\GitHub\nappulapeli\renderObjects\pawn\behaviour.py", line 244, in pickWalkingTarget
    self.walkTo = self.app.inverseConvertPos(v2(random.randint(0, self.app.originalRes.x), random.randint(0, self.app.originalRes.y)))
                                                ^^^^^^^^^^^^^^^^^^^^^^^^^^^^^^^^^^^^^^^^^
  File "C:\Users\Reset\miniconda3\envs\nappula\Lib\random.py", line 336, in randint
    return self.randrange(a, b+1)
           ^^^^^^^^^^^^^^^^^^^^^^
  File "C:\Users\Reset\miniconda3\envs\nappula\Lib\random.py", line 312, in randrange
    istop = _index(stop)
            ^^^^^^^^^^^^
TypeError: 'float' object cannot be interpreted as an integer

============================================================
2025-12-30 22:34:09
Traceback (most recent call last):
  File "c:\Users\vilia\Documents\GitHub\nappulapeli\main.py", line 3186, in run
    game.run()
  File "c:\Users\vilia\Documents\GitHub\nappulapeli\main.py", line 3031, in run
    battleTick(self)
  File "c:\Users\vilia\Documents\GitHub\nappulapeli\gameTicks\tick.py", line 31, in battleTick
    _battle_roundtime_and_timeout(self, victoryCondition)
  File "c:\Users\vilia\Documents\GitHub\nappulapeli\gameTicks\tick.py", line 312, in _battle_roundtime_and_timeout
    self.announceVictory(max_index)
  File "c:\Users\vilia\Documents\GitHub\nappulapeli\main.py", line 1393, in announceVictory
    self.allTeams[self.victoryTeam].wins += 1
    ~~~~~~~~~~~~~^^^^^^^^^^^^^^^^^^
IndexError: list index out of range

============================================================
2025-12-30 22:37:44
Traceback (most recent call last):
  File "c:\Users\vilia\Documents\GitHub\nappulapeli\main.py", line 3186, in run
    game.run()
  File "c:\Users\vilia\Documents\GitHub\nappulapeli\main.py", line 3031, in run
    battleTick(self)
  File "c:\Users\vilia\Documents\GitHub\nappulapeli\gameTicks\tick.py", line 22, in battleTick
    victoryCondition = _battle_victory_logic(self)
                       ^^^^^^^^^^^^^^^^^^^^^^^^^^^
  File "c:\Users\vilia\Documents\GitHub\nappulapeli\gameTicks\tick.py", line 233, in _battle_victory_logic
    self.announceVictory(alive_teams[0])
  File "c:\Users\vilia\Documents\GitHub\nappulapeli\main.py", line 1401, in announceVictory
    print("Winning team", self.winningTeam.i)
                          ^^^^^^^^^^^^^^^^^^
AttributeError: 'NoneType' object has no attribute 'i'

============================================================
2025-12-31 16:25:49
Traceback (most recent call last):
  File "c:\Users\vilia\Documents\GitHub\nappulapeli\main.py", line 3190, in run
    game.run()
  File "c:\Users\vilia\Documents\GitHub\nappulapeli\main.py", line 3035, in run
    battleTick(self)
  File "c:\Users\vilia\Documents\GitHub\nappulapeli\gameTicks\tick.py", line 63, in battleTick
    _battle_tick_entities(self, entities_temp)
  File "c:\Users\vilia\Documents\GitHub\nappulapeli\gameTicks\tick.py", line 437, in _battle_tick_entities
    x.tick()
  File "c:\Users\vilia\Documents\GitHub\nappulapeli\renderObjects\pawn\pawn.py", line 1724, in tick
    self.walk()
  File "c:\Users\vilia\Documents\GitHub\nappulapeli\renderObjects\pawn\behaviour.py", line 483, in walk
    r2x, r2y = self.route[1]
               ~~~~~~~~~~^^^
IndexError: list index out of range

============================================================
2026-01-01 17:41:04
Traceback (most recent call last):
  File "c:\Users\vilia\Documents\GitHub\nappulapeli\main.py", line 3227, in run
    game.run()
  File "c:\Users\vilia\Documents\GitHub\nappulapeli\main.py", line 3111, in run
    self.debugText(f"{self.babloLyricTarget:.2f}")
                      ^^^^^^^^^^^^^^^^^^^^^
AttributeError: 'Game' object has no attribute 'babloLyricTarget'. Did you mean: 'babloLyricCurrent'?

============================================================
2026-01-01 21:26:34
Traceback (most recent call last):
  File "c:\Users\vilia\Documents\GitHub\nappulapeli\main.py", line 3224, in run
    game.run()
  File "c:\Users\vilia\Documents\GitHub\nappulapeli\main.py", line 3068, in run
    battleTick(self)
  File "c:\Users\vilia\Documents\GitHub\nappulapeli\gameTicks\tick.py", line 63, in battleTick
    _battle_tick_entities(self, entities_temp)
  File "c:\Users\vilia\Documents\GitHub\nappulapeli\gameTicks\tick.py", line 443, in _battle_tick_entities
    x.tick()
  File "c:\Users\vilia\Documents\GitHub\nappulapeli\renderObjects\grenade.py", line 103, in tick
    self.detonate()
  File "c:\Users\vilia\Documents\GitHub\nappulapeli\renderObjects\grenade.py", line 151, in detonate
    self.createTurret()
  File "c:\Users\vilia\Documents\GitHub\nappulapeli\renderObjects\grenade.py", line 176, in createTurret
    Turret(self.app, self.landingCell, self.owner.team, self.owner)
  File "c:\Users\vilia\Documents\GitHub\nappulapeli\renderObjects\pawn\turret.py", line 51, in __init__
    self.health = int(self.owner.getHealthCap() / 2)
                      ^^^^^^^^^^
AttributeError: 'Turret' object has no attribute 'owner'

============================================================
2026-01-02 00:50:39
Traceback (most recent call last):
  File "c:\Users\vilia\Documents\GitHub\nappulapeli\main.py", line 3226, in run
    game.run()
  File "c:\Users\vilia\Documents\GitHub\nappulapeli\main.py", line 3052, in run
    preGameTick(self)
  File "c:\Users\vilia\Documents\GitHub\nappulapeli\gameTicks\pawnGeneration.py", line 129, in preGameTick
    x.render()
  File "c:\Users\vilia\Documents\GitHub\nappulapeli\renderObjects\pawn\pawn.py", line 2142, in render
    self.currWeapon.render()
  File "c:\Users\vilia\Documents\GitHub\nappulapeli\renderObjects\pawn\weapon.py", line 1020, in render
    hit, normal = self.app.raycast_grid(startPos, direction, 1000 / self.app.tileSize)
                  ^^^^^^^^^^^^^^^^^^^^^^^^^^^^^^^^^^^^^^^^^^^^^^^^^^^^^^^^^^^^^^^^^^^^
  File "c:\Users\vilia\Documents\GitHub\nappulapeli\main.py", line 2961, in raycast_grid
    if 0 <= map_x < self.map.grid.shape[1] and 0 <= map_y < self.map.grid.shape[0]:
                    ^^^^^^^^^^^^^
AttributeError: 'NoneType' object has no attribute 'grid'

============================================================
2026-01-02 01:15:01
Traceback (most recent call last):
  File "c:\Users\vilia\Documents\GitHub\nappulapeli\main.py", line 3230, in run
    game.run()
  File "c:\Users\vilia\Documents\GitHub\nappulapeli\main.py", line 3152, in run
    self.TARGETGAMESTATE()
  File "c:\Users\vilia\Documents\GitHub\nappulapeli\gameTicks\tick.py", line 619, in <lambda>
    self.transition(lambda: self.endGame())
                            ^^^^^^^^^^^^^^
  File "c:\Users\vilia\Documents\GitHub\nappulapeli\main.py", line 2361, in endGame
    x.emancipate()
  File "c:\Users\vilia\Documents\GitHub\nappulapeli\renderObjects\pawn\teamLogic.py", line 385, in emancipate
    self.app.teamSpawnRooms[self.i].turfWarTeam = self.i
    ~~~~~~~~~~~~~~~~~~~~~~~^^^^^^^^
IndexError: tuple index out of range

============================================================
2026-01-02 01:18:57
Traceback (most recent call last):
  File "c:\Users\vilia\Documents\GitHub\nappulapeli\main.py", line 3230, in run
    game.run()
  File "c:\Users\vilia\Documents\GitHub\nappulapeli\main.py", line 3152, in run
    self.TARGETGAMESTATE()
  File "c:\Users\vilia\Documents\GitHub\nappulapeli\gameTicks\tick.py", line 619, in <lambda>
    self.transition(lambda: self.endGame())
                            ^^^^^^^^^^^^^^
  File "c:\Users\vilia\Documents\GitHub\nappulapeli\main.py", line 2361, in endGame
    x.emancipate()
  File "c:\Users\vilia\Documents\GitHub\nappulapeli\renderObjects\pawn\teamLogic.py", line 386, in emancipate
    self.app.teamSpawnRooms[self.i].turfWarTeam = self.i
    ~~~~~~~~~~~~~~~~~~~~~~~^^^^^^^^
IndexError: tuple index out of range

============================================================
2026-01-02 01:30:03
Traceback (most recent call last):
  File "c:\Users\vilia\Documents\GitHub\nappulapeli\main.py", line 3230, in run
    game.run()
  File "c:\Users\vilia\Documents\GitHub\nappulapeli\main.py", line 3152, in run
    self.TARGETGAMESTATE()
  File "c:\Users\vilia\Documents\GitHub\nappulapeli\gameTicks\tick.py", line 619, in <lambda>
    self.transition(lambda: self.endGame())
                            ^^^^^^^^^^^^^^
  File "c:\Users\vilia\Documents\GitHub\nappulapeli\main.py", line 2380, in endGame
    self.BABLO.die()
  File "c:\Users\vilia\Documents\GitHub\nappulapeli\renderObjects\pawn\pawn.py", line 935, in die
    for r in self.app.map.rooms:
             ^^^^^^^^^^^^^^^^^^
AttributeError: 'NoneType' object has no attribute 'rooms'

============================================================
2026-07-16 02:53:02
Traceback (most recent call last):
  File "c:\Users\vilia\Documents\GitHub\nappulapeli_fork\nappulapeli-public-fork\main.py", line 3226, in run
    game = Game()
           ^^^^^^
  File "c:\Users\vilia\Documents\GitHub\nappulapeli_fork\nappulapeli-public-fork\main.py", line 103, in __init__
    super().__init__()
  File "c:\Users\vilia\Documents\GitHub\nappulapeli_fork\nappulapeli-public-fork\core\valInit.py", line 543, in __init__
    with open("backUpImages/Aapo69.png", "rb") as f:
         ^^^^^^^^^^^^^^^^^^^^^^^^^^^^^^^^^^^^^
FileNotFoundError: [Errno 2] No such file or directory: 'backUpImages/Aapo69.png'
